[marveltheme.com/tf/html/bentofolio-html/index.html]
[backblue.gif]
[fade.gif]
[index.html]
[marveltheme.com/tf/html/bentofolio-html/assets/img/favicon.svg]
[marveltheme.com/tf/html/bentofolio-html/assets/css/bootstrap.min.css]
[marveltheme.com/tf/html/bentofolio-html/assets/fontawsome/css/all.min.css]
[marveltheme.com/tf/html/bentofolio-html/assets/css/slick.css]
[marveltheme.com/tf/html/bentofolio-html/assets/fontawsome/css/fontawesome.min.css]
[marveltheme.com/tf/html/bentofolio-html/assets/css/magnific-popup.css]
[marveltheme.com/tf/html/bentofolio-html/assets/css/style.css]
[marveltheme.com/tf/html/bentofolio-html/assets/css/responsive.css]
[www.w3.org/2000/svg.html]
[marveltheme.com/tf/html/bentofolio-html/about.html]
[marveltheme.com/tf/html/bentofolio-html/services.html]
[marveltheme.com/tf/html/bentofolio-html/portfolio.html]
[marveltheme.com/tf/html/bentofolio-html/blog.html]
[marveltheme.com/tf/html/bentofolio-html/contact.html]
[marveltheme.com/tf/html/bentofolio-html/assets/img/images/profile.png]
[marveltheme.com/tf/html/bentofolio-html/assets/img/icons/adobe.svg]
[marveltheme.com/tf/html/bentofolio-html/assets/img/icons/google.svg]
[marveltheme.com/tf/html/bentofolio-html/assets/img/icons/meta.svg]
[marveltheme.com/tf/html/bentofolio-html/assets/img/icons/figma.svg]
[marveltheme.com/tf/html/bentofolio-html/assets/img/icons/notion.svg]
[marveltheme.com/tf/html/bentofolio-html/assets/img/icons/mico.svg]
[marveltheme.com/tf/html/bentofolio-html/assets/img/icons/framer.svg]
[marveltheme.com/tf/html/bentofolio-html/assets/img/icons/webflow.svg]
[marveltheme.com/tf/html/bentofolio-html/assets/img/icons/zeplin.svg]
[marveltheme.com/tf/html/bentofolio-html/assets/img/projects/project-1.png]
[marveltheme.com/tf/html/bentofolio-html/assets/img/projects/project-2.png]
[marveltheme.com/tf/html/bentofolio-html/assets/img/icons/ui-ux.svg]
[marveltheme.com/tf/html/bentofolio-html/assets/img/icons/app.svg]
[marveltheme.com/tf/html/bentofolio-html/assets/img/icons/prd-design.svg]
[marveltheme.com/tf/html/bentofolio-html/assets/img/icons/branding.svg]
[marveltheme.com/tf/html/bentofolio-html/assets/img/bg/banner-shape-1.png]
[marveltheme.com/tf/html/bentofolio-html/assets/img/bg/object-3d-1.png]
[marveltheme.com/tf/html/bentofolio-html/assets/img/bg/object-3d-2.png]
[marveltheme.com/tf/html/bentofolio-html/assets/js/vendor/jquery-3.6.0.min.js]
[marveltheme.com/tf/html/bentofolio-html/assets/js/bootstrap.bundle.min.js]
[marveltheme.com/tf/html/bentofolio-html/assets/js/jquery.magnific-popup.min.js]
[marveltheme.com/tf/html/bentofolio-html/assets/js/ajax-form.js]
[marveltheme.com/tf/html/bentofolio-html/assets/js/clipboard.min.js]
[marveltheme.com/tf/html/bentofolio-html/assets/js/slick.min.js]
[marveltheme.com/tf/html/bentofolio-html/index.html]
[marveltheme.com/tf/html/bentofolio-html/assets/img/favicon.svg]
[marveltheme.com/tf/html/bentofolio-html/assets/css/bootstrap.min.css]
[marveltheme.com/tf/html/bentofolio-html/assets/js/script.js]
[marveltheme.com/tf/html/bentofolio-html/assets/fontawsome/webfonts/fa-brands-400d41d.eot]
[marveltheme.com/tf/html/bentofolio-html/assets/fontawsome/webfonts/fa-brands-400.eot]
[marveltheme.com/tf/html/bentofolio-html/assets/fontawsome/webfonts/fa-brands-400.woff2]
[marveltheme.com/tf/html/bentofolio-html/assets/fontawsome/webfonts/fa-brands-400.woff]
[marveltheme.com/tf/html/bentofolio-html/assets/fontawsome/webfonts/fa-brands-400.ttf]
[marveltheme.com/tf/html/bentofolio-html/assets/fontawsome/webfonts/fa-regular-400.eot]
[marveltheme.com/tf/html/bentofolio-html/assets/fontawsome/webfonts/fa-regular-400d41d.eot]
[marveltheme.com/tf/html/bentofolio-html/assets/fontawsome/webfonts/fa-regular-400.woff2]
[marveltheme.com/tf/html/bentofolio-html/assets/fontawsome/webfonts/fa-regular-400.woff]
[marveltheme.com/tf/html/bentofolio-html/assets/fontawsome/webfonts/fa-regular-400.ttf]
[marveltheme.com/tf/html/bentofolio-html/assets/fontawsome/webfonts/fa-regular-400.svg]
[marveltheme.com/tf/html/bentofolio-html/assets/fontawsome/webfonts/fa-solid-900.eot]
[marveltheme.com/tf/html/bentofolio-html/assets/fontawsome/webfonts/fa-brands-400.svg]
[marveltheme.com/tf/html/bentofolio-html/assets/fontawsome/webfonts/fa-solid-900d41d.eot]
[marveltheme.com/tf/html/bentofolio-html/assets/fontawsome/webfonts/fa-solid-900.woff2]
[marveltheme.com/tf/html/bentofolio-html/assets/fontawsome/webfonts/fa-solid-900.woff]
[marveltheme.com/tf/html/bentofolio-html/assets/fontawsome/webfonts/fa-solid-900.ttf]
[marveltheme.com/tf/html/bentofolio-html/assets/fontawsome/css/all.min.css]
[marveltheme.com/tf/html/bentofolio-html/assets/fontawsome/css/fontawesome.min.css]
[marveltheme.com/tf/html/bentofolio-html/assets/css/slick.css]
[marveltheme.com/tf/html/bentofolio-html/assets/css/magnific-popup.css]
[marveltheme.com/tf/html/bentofolio-html/assets/css/style.css]
[marveltheme.com/tf/html/bentofolio-html/assets/css/responsive.css]
[www.w3.org/2000/svg.html]
[marveltheme.com/tf/html/bentofolio-html/assets/img/about-us/circle-text.svg]
[marveltheme.com/tf/html/bentofolio-html/assets/img/about-us/circle-text-light.svg]
[marveltheme.com/tf/html/bentofolio-html/assets/img/icons/dribbble.svg]
[marveltheme.com/tf/html/bentofolio-html/assets/img/icons/awwwards.png]
[marveltheme.com/tf/html/bentofolio-html/assets/img/icons/behance.svg]
[marveltheme.com/tf/html/bentofolio-html/article.html]
[marveltheme.com/tf/html/bentofolio-html/assets/img/blog/blog-img-1.jpg]
[marveltheme.com/tf/html/bentofolio-html/assets/img/blog/blog-img-2.jpg]
[marveltheme.com/tf/html/bentofolio-html/assets/fontawsome/webfonts/fa-solid-900.svg]
[marveltheme.com/tf/html/bentofolio-html/assets/img/blog/blog-img-3.jpg]
[marveltheme.com/tf/html/bentofolio-html/about.html]
[marveltheme.com/tf/html/bentofolio-html/assets/img/icons/camera.svg]
[marveltheme.com/tf/html/bentofolio-html/assets/img/icons/youtube.svg]
[marveltheme.com/tf/html/bentofolio-html/assets/img/icons/web-development.svg]
[marveltheme.com/tf/html/bentofolio-html/assets/img/icons/view.svg]
[marveltheme.com/tf/html/bentofolio-html/assets/img/icons/plus.svg]
[marveltheme.com/tf/html/bentofolio-html/assets/img/icons/minus.svg]
[marveltheme.com/tf/html/bentofolio-html/services.html]
[marveltheme.com/tf/html/bentofolio-html/portfolio-details.html]
[marveltheme.com/tf/html/bentofolio-html/assets/img/projects/project-3.png]
[marveltheme.com/tf/html/bentofolio-html/portfolio.html]
[marveltheme.com/tf/html/bentofolio-html/assets/img/blog/blog-img-4.jpg]
[marveltheme.com/tf/html/bentofolio-html/assets/img/blog/blog-img-5.jpg]
[marveltheme.com/tf/html/bentofolio-html/assets/img/blog/blog-img-6.jpg]
[marveltheme.com/tf/html/bentofolio-html/blog.html]
[marveltheme.com/tf/html/bentofolio-html/contact.html]
[marveltheme.com/tf/html/bentofolio-html/assets/img/icons/adobe.svg]
[marveltheme.com/tf/html/bentofolio-html/assets/img/icons/google.svg]
[marveltheme.com/tf/html/bentofolio-html/assets/img/icons/meta.svg]
[marveltheme.com/tf/html/bentofolio-html/assets/img/icons/figma.svg]
[marveltheme.com/tf/html/bentofolio-html/assets/img/icons/notion.svg]
[marveltheme.com/tf/html/bentofolio-html/assets/img/icons/mico.svg]
[marveltheme.com/tf/html/bentofolio-html/assets/img/icons/framer.svg]
[marveltheme.com/tf/html/bentofolio-html/assets/img/icons/webflow.svg]
[marveltheme.com/tf/html/bentofolio-html/assets/img/icons/zeplin.svg]
[marveltheme.com/tf/html/bentofolio-html/assets/img/icons/ui-ux.svg]
[marveltheme.com/tf/html/bentofolio-html/assets/img/icons/app.svg]
[marveltheme.com/tf/html/bentofolio-html/assets/img/icons/prd-design.svg]
[marveltheme.com/tf/html/bentofolio-html/assets/img/icons/branding.svg]
[marveltheme.com/tf/html/bentofolio-html/assets/fontawsome/webfonts/fa-brands-400.svg]
[marveltheme.com/tf/html/bentofolio-html/assets/fontawsome/webfonts/fa-regular-400.svg]
[marveltheme.com/tf/html/bentofolio-html/assets/fontawsome/webfonts/fa-solid-900.svg]
[marveltheme.com/tf/html/bentofolio-html/assets/img/about-us/circle-text.svg]
[marveltheme.com/tf/html/bentofolio-html/assets/img/about-us/circle-text-light.svg]
[marveltheme.com/tf/html/bentofolio-html/assets/img/icons/dribbble.svg]
[marveltheme.com/tf/html/bentofolio-html/assets/img/icons/behance.svg]
[marveltheme.com/tf/html/bentofolio-html/article.html]
[marveltheme.com/tf/html/bentofolio-html/assets/img/icons/camera.svg]
[marveltheme.com/tf/html/bentofolio-html/assets/img/icons/youtube.svg]
[marveltheme.com/tf/html/bentofolio-html/assets/img/icons/web-development.svg]
[marveltheme.com/tf/html/bentofolio-html/assets/img/icons/view.svg]
[marveltheme.com/tf/html/bentofolio-html/assets/img/icons/plus.svg]
[marveltheme.com/tf/html/bentofolio-html/assets/img/icons/minus.svg]
[marveltheme.com/tf/html/bentofolio-html/assets/img/projects/project-details-1.png]
[marveltheme.com/tf/html/bentofolio-html/assets/img/projects/project-details-2.png]
[marveltheme.com/tf/html/bentofolio-html/assets/img/projects/project-details-3.png]
[marveltheme.com/tf/html/bentofolio-html/portfolio-details.html]
